src/components/Dashboard.tsx(2,10): error TS1484: 'APIResponse' is a type and must be imported using a type-only import when 'verbatimModuleSyntax' is enabled.
src/components/RankingTable.tsx(2,10): error TS1484: 'APIResponse' is a type and must be imported using a type-only import when 'verbatimModuleSyntax' is enabled.
src/components/RankingTable.tsx(2,23): error TS1484: 'ZoneRankingData' is a type and must be imported using a type-only import when 'verbatimModuleSyntax' is enabled.
src/components/RankingTable.tsx(2,40): error TS1484: 'Ranking' is a type and must be imported using a type-only import when 'verbatimModuleSyntax' is enabled.
src/components/RankingTable.tsx(2,40): error TS6133: 'Ranking' is declared but its value is never read.
src/components/RankingTable.tsx(23,90): error TS6133: 'zones_101' is declared but its value is never read.
src/components/RankingTable.tsx(103,29): error TS2365: Operator '<' cannot be applied to types 'number' and 'string | number'.
